// Jest Snapshot v1, https://goo.gl/fbAQLP

exports[`new shift form it matches the snapshot 1`] = `
ShallowWrapper {
  Symbol(enzyme.__root__): [Circular],
  Symbol(enzyme.__unrendered__): <NewShiftForm
    history={Array []}
  />,
  Symbol(enzyme.__renderer__): Object {
    "batchedUpdates": [Function],
    "getNode": [Function],
    "render": [Function],
    "simulateError": [Function],
    "simulateEvent": [Function],
    "unmount": [Function],
  },
  Symbol(enzyme.__node__): Object {
    "instance": null,
    "key": undefined,
    "nodeType": "host",
    "props": Object {
      "children": Array [
        <h3
          className="popup-title"
        >
          Add a new shift
        </h3>,
        <p
          className="new-shift-label"
        >
          Shift start:
        </p>,
        <DateTimePicker
          data-enable-time={true}
          onChange={[Function]}
          options={
            Object {
              "minDate": 2018-12-19T04:49:11.163Z,
            }
          }
          value={2018-12-19T04:49:11.163Z}
        />,
        <br />,
        <p
          className="new-shift-label"
        >
          Shift end:
        </p>,
        <DateTimePicker
          data-enable-time={true}
          onChange={[Function]}
          options={
            Object {
              "minDate": 2018-12-19T04:49:11.163Z,
            }
          }
          value={2018-12-19T12:49:11.163Z}
        />,
        <br />,
        <form
          className="new-shift-form"
          onSubmit={[Function]}
        >
          <button
            className="custom-button"
            id="new-shift-submit"
          >
            Submit
          </button>
        </form>,
      ],
      "id": "new-shift-form",
    },
    "ref": null,
    "rendered": Array [
      Object {
        "instance": null,
        "key": undefined,
        "nodeType": "host",
        "props": Object {
          "children": "Add a new shift",
          "className": "popup-title",
        },
        "ref": null,
        "rendered": "Add a new shift",
        "type": "h3",
      },
      Object {
        "instance": null,
        "key": undefined,
        "nodeType": "host",
        "props": Object {
          "children": "Shift start:",
          "className": "new-shift-label",
        },
        "ref": null,
        "rendered": "Shift start:",
        "type": "p",
      },
      Object {
        "instance": null,
        "key": undefined,
        "nodeType": "class",
        "props": Object {
          "data-enable-time": true,
          "onChange": [Function],
          "options": Object {
            "minDate": 2018-12-19T04:49:11.163Z,
          },
          "value": 2018-12-19T04:49:11.163Z,
        },
        "ref": null,
        "rendered": null,
        "type": [Function],
      },
      Object {
        "instance": null,
        "key": undefined,
        "nodeType": "host",
        "props": Object {},
        "ref": null,
        "rendered": null,
        "type": "br",
      },
      Object {
        "instance": null,
        "key": undefined,
        "nodeType": "host",
        "props": Object {
          "children": "Shift end:",
          "className": "new-shift-label",
        },
        "ref": null,
        "rendered": "Shift end:",
        "type": "p",
      },
      Object {
        "instance": null,
        "key": undefined,
        "nodeType": "class",
        "props": Object {
          "data-enable-time": true,
          "onChange": [Function],
          "options": Object {
            "minDate": 2018-12-19T04:49:11.163Z,
          },
          "value": 2018-12-19T12:49:11.163Z,
        },
        "ref": null,
        "rendered": null,
        "type": [Function],
      },
      Object {
        "instance": null,
        "key": undefined,
        "nodeType": "host",
        "props": Object {},
        "ref": null,
        "rendered": null,
        "type": "br",
      },
      Object {
        "instance": null,
        "key": undefined,
        "nodeType": "host",
        "props": Object {
          "children": <button
            className="custom-button"
            id="new-shift-submit"
          >
            Submit
          </button>,
          "className": "new-shift-form",
          "onSubmit": [Function],
        },
        "ref": null,
        "rendered": Object {
          "instance": null,
          "key": undefined,
          "nodeType": "host",
          "props": Object {
            "children": "Submit",
            "className": "custom-button",
            "id": "new-shift-submit",
          },
          "ref": null,
          "rendered": "Submit",
          "type": "button",
        },
        "type": "form",
      },
    ],
    "type": "div",
  },
  Symbol(enzyme.__nodes__): Array [
    Object {
      "instance": null,
      "key": undefined,
      "nodeType": "host",
      "props": Object {
        "children": Array [
          <h3
            className="popup-title"
          >
            Add a new shift
          </h3>,
          <p
            className="new-shift-label"
          >
            Shift start:
          </p>,
          <DateTimePicker
            data-enable-time={true}
            onChange={[Function]}
            options={
              Object {
                "minDate": 2018-12-19T04:49:11.163Z,
              }
            }
            value={2018-12-19T04:49:11.163Z}
          />,
          <br />,
          <p
            className="new-shift-label"
          >
            Shift end:
          </p>,
          <DateTimePicker
            data-enable-time={true}
            onChange={[Function]}
            options={
              Object {
                "minDate": 2018-12-19T04:49:11.163Z,
              }
            }
            value={2018-12-19T12:49:11.163Z}
          />,
          <br />,
          <form
            className="new-shift-form"
            onSubmit={[Function]}
          >
            <button
              className="custom-button"
              id="new-shift-submit"
            >
              Submit
            </button>
          </form>,
        ],
        "id": "new-shift-form",
      },
      "ref": null,
      "rendered": Array [
        Object {
          "instance": null,
          "key": undefined,
          "nodeType": "host",
          "props": Object {
            "children": "Add a new shift",
            "className": "popup-title",
          },
          "ref": null,
          "rendered": "Add a new shift",
          "type": "h3",
        },
        Object {
          "instance": null,
          "key": undefined,
          "nodeType": "host",
          "props": Object {
            "children": "Shift start:",
            "className": "new-shift-label",
          },
          "ref": null,
          "rendered": "Shift start:",
          "type": "p",
        },
        Object {
          "instance": null,
          "key": undefined,
          "nodeType": "class",
          "props": Object {
            "data-enable-time": true,
            "onChange": [Function],
            "options": Object {
              "minDate": 2018-12-19T04:49:11.163Z,
            },
            "value": 2018-12-19T04:49:11.163Z,
          },
          "ref": null,
          "rendered": null,
          "type": [Function],
        },
        Object {
          "instance": null,
          "key": undefined,
          "nodeType": "host",
          "props": Object {},
          "ref": null,
          "rendered": null,
          "type": "br",
        },
        Object {
          "instance": null,
          "key": undefined,
          "nodeType": "host",
          "props": Object {
            "children": "Shift end:",
            "className": "new-shift-label",
          },
          "ref": null,
          "rendered": "Shift end:",
          "type": "p",
        },
        Object {
          "instance": null,
          "key": undefined,
          "nodeType": "class",
          "props": Object {
            "data-enable-time": true,
            "onChange": [Function],
            "options": Object {
              "minDate": 2018-12-19T04:49:11.163Z,
            },
            "value": 2018-12-19T12:49:11.163Z,
          },
          "ref": null,
          "rendered": null,
          "type": [Function],
        },
        Object {
          "instance": null,
          "key": undefined,
          "nodeType": "host",
          "props": Object {},
          "ref": null,
          "rendered": null,
          "type": "br",
        },
        Object {
          "instance": null,
          "key": undefined,
          "nodeType": "host",
          "props": Object {
            "children": <button
              className="custom-button"
              id="new-shift-submit"
            >
              Submit
            </button>,
            "className": "new-shift-form",
            "onSubmit": [Function],
          },
          "ref": null,
          "rendered": Object {
            "instance": null,
            "key": undefined,
            "nodeType": "host",
            "props": Object {
              "children": "Submit",
              "className": "custom-button",
              "id": "new-shift-submit",
            },
            "ref": null,
            "rendered": "Submit",
            "type": "button",
          },
          "type": "form",
        },
      ],
      "type": "div",
    },
  ],
  Symbol(enzyme.__options__): Object {
    "adapter": ReactSixteenAdapter {
      "options": Object {
        "enableComponentDidUpdateOnSetState": true,
        "lifecycles": Object {
          "componentDidUpdate": Object {
            "onSetState": true,
          },
          "getDerivedStateFromProps": true,
          "getSnapshotBeforeUpdate": true,
          "setState": Object {
            "skipsComponentDidUpdateOnNullish": true,
          },
        },
      },
    },
  },
}
`;
