// Jest Snapshot v1, https://goo.gl/fbAQLP

exports[`sign up form it matches the snapshot 1`] = `
<div
  id="sign-up-page"
>
  <section
    id="index-title"
  >
    <h1
      id="index-title-text"
    >
      Schej
    </h1>
  </section>
  <form
    className="sign-up-form"
    onSubmit={[Function]}
  >
    <input
      className="sign-up-entry"
      id="sign-up-name-entry"
      name="name"
      onChange={[Function]}
      placeholder="Name"
      type="text"
    />
    <br />
    <input
      className="sign-up-entry"
      id="sign-up-organisation-entry"
      name="organisation"
      onChange={[Function]}
      placeholder="Organisation"
      type="text"
    />
    <br />
    <input
      className="sign-up-entry"
      id="sign-up-job-title-entry"
      name="jobTitle"
      onChange={[Function]}
      placeholder="Job Title"
      type="text"
    />
    <br />
    <input
      className="sign-up-entry"
      id="sign-up-email-entry"
      name="email"
      onChange={[Function]}
      placeholder="Email"
      type="text"
    />
    <br />
    <input
      className="sign-up-entry"
      id="sign-up-mobile-entry"
      name="mobile"
      onChange={[Function]}
      placeholder="Mobile"
      type="text"
    />
    <br />
    <input
      className="sign-up-entry"
      id="sign-up-password-entry"
      name="password"
      onChange={[Function]}
      placeholder="Password"
      type="password"
    />
    <br />
    <input
      className="sign-up-entry"
      id="sign-up-password-confirmation"
      name="passwordConfirmation"
      onChange={[Function]}
      placeholder="Confirm Password"
      type="password"
    />
    <br />
    <br />
    <button
      className="custom-button"
      disabled={true}
      id="sign-up-submit"
    >
      Submit
    </button>
  </form>
  <button
    className="custom-button"
    id="sign-in-button"
    onClick={[Function]}
  >
    Sign In
  </button>
</div>
`;
